aic94xx-firmware
awesome-terminal-fonts-patched
betterdiscord
brave-bin
cava
chromedriver
chromium-widevine
damadamas-icon-theme-git
dart-sass
dotdrop
downgrade
electron-wechat
fff-ueberzug-git
flashplayer-standalone
fnm-bin
font-manager
gconf
google-chrome
gotop
gputest
grub-theme-stylish-color-1080p-git
gtkrc-reload
i3ass
i3ipc-python-git
i3lock-fancy-git
icon-git
lf
lib32-nvidia-390xx-utils
lib32-opencl-nvidia-390xx
libmodule
libxnvctrl-390xx
lscolors-git
mons
mpd-notification
mugshot
n30f-git
neovim-nightly-git
nerd-fonts-complete
nerd-fonts-dejavu-complete
nerd-fonts-source-code-pro
nouveau-fw
nvdock
nvidia-390xx
nvidia-390xx-dkms
nvidia-390xx-settings
nvidia-390xx-utils
obs-linuxbrowser-bin
ocs-url
oh-my-zsh-git
opencl-nvidia-390xx
openvpn-update-systemd-resolved
optimus-manager-git
optimus-manager-qt-git
otf-operator-mono-lig
otf-sfmono-patched
otf-vollkorn
pikaur
polybar
powerline-fonts-git
ptags-git
python-magic-ahupp
pywal-git
rofi-greenclip
ruby-erubis
ruby-xdg
rxvt-unicode-cvs-patched-wideglyphs
sc-im
siji-git
simple-mtpfs
spicetify-cli
spicetify-themes-git
spotify
steam-fonts
sublime-text-dev
telegram-desktop-bin
termsyn-font
thinkfan
toilet
tremc-git
ts
ttf-font-awesome-4
ttf-iosevka
ttf-material-design-icons
ttf-monoid
ttf-weather-icons
ttf-wps-fonts
tty-clock
tumbler-extra-thumbnailers
upd72020x-fw
visual-studio-code-bin
watchman
wd719x-firmware
wpgtk-git
xcursor-hackneyed-dark
yay
zeal
zoxide
