aic94xx-firmware
awesome-terminal-fonts-patched
beautiful-discord-git
betterdiscord-rauenzi-git
betterdiscordctl-git
castnow-git
cava
cef-minimal
chromium-widevine
damadamas-icon-theme-git
dotdrop
downgrade
electron-wechat
fff-ueberzug-git
flashplayer-standalone
gconf
gotop
gputest
grub-theme-stylish-git
gtkrc-reload
i3ass
i3ipc-python-git
i3lock-fancy-git
lf
lib32-nvidia-390xx-utils
lib32-opencl-nvidia-390xx
libc++
libc++abi
libmodule
libxfce4ui-gtk2
libxfce4util-gtk2
libxnvctrl-390xx
lscolors-git
mkchromecast
mons
mpd-notification
mugshot
n30f-git
nerd-fonts-complete
nerd-fonts-dejavu-complete
nerd-fonts-source-code-pro
nouveau-fw
nvdock
nvidia-390xx
nvidia-390xx-settings
nvidia-390xx-utils
obs-linuxbrowser-bin
ocs-url
opencl-nvidia-390xx
optimus-manager-git
optimus-manager-qt-git
otf-sfmono
phpstorm
pikaur
polybar
postman-bin
posy-cursors
powerline-fonts-git
python-pipx
python-ueberzug
python-userpath
rofi-greenclip
ruby-erubis
ruby-xdg
rxvt-unicode-cvs-patched-wideglyphs
sc-im
siji-git
simple-mtpfs
spicetify-cli
spicetify-themes-git
spotify
steam-fonts
sublime-text-dev
termsyn-font
thermald
thunar-gtk2
toilet
tremc-git
ts
ttf-iosevka
ttf-weather-icons
ttf-wps-fonts
tty-clock
tumbler-extra-thumbnailers
unclutter-xfixes-git
wd719x-firmware
wpgtk-git
xfconf-gtk2
yay
