abook
acpi
acpi_call
acpid
alacritty
alsa-oss
alsa-utils
apache
arandr
at
atool
autoconf
automake
awesome-terminal-fonts
base
bash-completion
bc
binutils
bison
bluez
bluez-tools
bluez-utils
borg
breeze
calcurse
chromium
clipmenu
composer
conky
cronie
dialog
discord
discount
dmenu
dunst
efibootmgr
evince
fakeroot
feh
ffmpegthumbnailer
file
file-roller
findutils
firefox
flashplugin
flex
fortune-mod
fzf
gawk
gcc
gettext
gimp
git
grep
groff
grub
gsimplecal
gst-libav
gst-plugins-good
gtk-engine-murrine
gtk-engines
gvfs
gvfs-afc
gzip
highlight
hsetroot
htop
i3-wm
i3blocks
i3lock
i3status
intel-media-driver
intel-ucode
iw
jdk-openjdk
jq
kdenlive
libgsf
libreoffice-fresh
libtool
libva-intel-driver
libva-mesa-driver
light
lightdm
lightdm-gtk-greeter
linux
linux-firmware
linux-headers
lolcat
lxappearance
m4
maim
make
mariadb
mediainfo
mesa-vdpau
mpc
mpd
mpv
msmtp
msmtp-mta
nano
nano-syntax-highlighting
ncmpcpp
neofetch
neovim
netctl
networkmanager
networkmanager-openconnect
networkmanager-openvpn
networkmanager-pptp
networkmanager-vpnc
newsboat
npm
ntfs-3g
nvidia-prime
obs-studio
os-prober
otf-fantasque-sans-mono
p7zip
pacman
pacman-contrib
pamixer
papirus-icon-theme
pass
patch
pavucontrol
pepper-flash
php
php-apache
php-dblib
php-gd
php-odbc
php-pgsql
php-sqlite
phpmyadmin
picom
pkgconf
poppler
powertop
pulseaudio
pulseaudio-alsa
python-feedparser
python-isort
python-pip
python-pypandoc
python-requests
ranger
raw-thumbnailer
redshift
reflector
rofi
ruby
ruby-sassc
sassc
sed
socat
steam
stow
sudo
sxhkd
sxiv
tcl
telegram-desktop
terminus-font
termite
texinfo
thunar-archive-plugin
thunar-media-tags-plugin
thunar-volman
tlp
tmux
totem
tp_smapi
transmission-cli
transmission-gtk
transmission-qt
ttf-dejavu
ttf-fantasque-sans-mono
ttf-font-awesome
ttf-inconsolata
ttf-ionicons
tumbler
unrar
unzip
upower
vagrant
vifm
vim
virtualbox
virtualbox-guest-iso
virtualbox-guest-utils
w3m
webkit2gtk
weechat
wget
which
wmctrl
wpa_supplicant
xarchiver
xautolock
xcape
xclip
xcompmgr
xdg-user-dirs
xdo
xdotool
xf86-video-intel
xf86-video-nouveau
xf86-video-vesa
xf86-video-vmware
xfce4-settings
xorg-bdftopcf
xorg-docs
xorg-font-util
xorg-fonts-100dpi
xorg-fonts-75dpi
xorg-fonts-encodings
xorg-iceauth
xorg-luit
xorg-mkfontscale
xorg-server
xorg-server-common
xorg-server-devel
xorg-server-xephyr
xorg-server-xnest
xorg-server-xvfb
xorg-server-xwayland
xorg-sessreg
xorg-setxkbmap
xorg-smproxy
xorg-x11perf
xorg-xauth
xorg-xbacklight
xorg-xcmsdb
xorg-xcursorgen
xorg-xdpyinfo
xorg-xdriinfo
xorg-xev
xorg-xgamma
xorg-xhost
xorg-xinit
xorg-xinput
xorg-xkbcomp
xorg-xkbevd
xorg-xkbutils
xorg-xkill
xorg-xlsatoms
xorg-xlsclients
xorg-xmodmap
xorg-xpr
xorg-xprop
xorg-xrandr
xorg-xrdb
xorg-xrefresh
xorg-xset
xorg-xsetroot
xorg-xvinfo
xorg-xwd
xorg-xwininfo
xorg-xwud
xterm
yarn
youtube-dl
zathura
zathura-djvu
zathura-pdf-mupdf
zsh
