acpi
acpi_call-dkms
acpid
adobe-source-sans-pro-fonts
adobe-source-serif-pro-fonts
alacritty
alsa-oss
alsa-utils
ark
autoconf
automake
base
bash-completion
bc
bind
binutils
bison
calcurse
clipmenu
composer
dialog
discord
dmenu
dunst
fakeroot
fd
feh
ffmpegthumbnailer
file
file-roller
findutils
firefox
flex
fzf
gawk
gcc
gettext
gimp
git
grep
groff
grub
gtk-engine-murrine
gucharmap
gvfs
gvfs-afc
gvfs-mtp
gzip
htop
i3-gaps
i3blocks
i3lock
i3status
icoutils
imwheel
intel-ucode
irssi
iw
iwd
jq
kdenlive
libc++
libc++abi
libgsf
libtool
lightdm
lightdm-gtk-greeter
linux
linux-firmware
lolcat
lua
luarocks
lxappearance
m4
maim
make
mariadb
mpc
mpd
mpv
nano
ncmpcpp
neofetch
network-manager-applet
networkmanager
networkmanager-openconnect
networkmanager-openvpn
networkmanager-pptp
networkmanager-vpnc
newsboat
noto-fonts-emoji
npm-check-updates
ntfs-3g
os-prober
p7zip
pacman
patch
pavucontrol
pcmanfm
php
php-dblib
php-gd
php-odbc
php-pgsql
php-sqlite
phpmyadmin
picom
pkgconf
pulseaudio-alsa
python-pipx
python-userpath
qutebrowser
ranger
raw-thumbnailer
redshift
reflector
ripgrep
rofi
sassc
screenkey
sed
steam
sudo
sxiv
telegram-desktop
texinfo
the_silver_searcher
thermald
thunar
thunar-volman
tmux
ttf-anonymous-pro
ttf-croscore
ttf-dejavu
ttf-droid
ttf-font-awesome
ttf-inconsolata
ttf-liberation
ttf-roboto
ttf-ubuntu-font-family
tumbler
ueberzug
unclutter
unrar
urxvt-perls
vim
virtualbox
weechat
wget
which
wmctrl
wpa_supplicant
xarchiver
xcape
xclip
xdg-user-dirs
xf86-video-intel
xf86-video-nouveau
xf86-video-vesa
xfce4-artwork
xfce4-taskmanager
xorg-bdftopcf
xorg-docs
xorg-font-util
xorg-fonts-100dpi
xorg-fonts-75dpi
xorg-fonts-encodings
xorg-iceauth
xorg-mkfontscale
xorg-server
xorg-server-common
xorg-server-devel
xorg-server-xephyr
xorg-server-xnest
xorg-server-xvfb
xorg-sessreg
xorg-setxkbmap
xorg-smproxy
xorg-x11perf
xorg-xauth
xorg-xbacklight
xorg-xcmsdb
xorg-xcursorgen
xorg-xdpyinfo
xorg-xdriinfo
xorg-xev
xorg-xgamma
xorg-xhost
xorg-xinit
xorg-xinput
xorg-xkbcomp
xorg-xkbevd
xorg-xkbutils
xorg-xkill
xorg-xlsatoms
xorg-xlsclients
xorg-xmodmap
xorg-xpr
xorg-xprop
xorg-xrandr
xorg-xrdb
xorg-xrefresh
xorg-xset
xorg-xsetroot
xorg-xvinfo
xorg-xwayland
xorg-xwd
xorg-xwininfo
xorg-xwud
xscreensaver
xsel
xterm
xwallpaper
youtube-dl
zathura
zsh
